CREATE EXTENSION my_arraymath;
-- compare
SELECT ARRAY[1,2,3,4] #= 3;
 ?column?  
-----------
 {f,f,t,f}
(1 row)

SELECT ARRAY[1,2,3,4] #< 3;
 ?column?  
-----------
 {t,t,f,f}
(1 row)

SELECT ARRAY[1,2,3,4] #<= 3;
 ?column?  
-----------
 {t,t,t,f}
(1 row)

SELECT ARRAY[1,2,3,4] #> 3;
 ?column?  
-----------
 {f,f,f,t}
(1 row)

SELECT ARRAY[1,2,3,4] #>= 3;
 ?column?  
-----------
 {f,f,t,t}
(1 row)

SELECT 3 #= ARRAY[1,2,3,4];
 ?column?  
-----------
 {f,f,t,f}
(1 row)

SELECT 3 #< ARRAY[1,2,3,4];
 ?column?  
-----------
 {t,t,f,f}
(1 row)

SELECT 3 #<= ARRAY[1,2,3,4];
 ?column?  
-----------
 {t,t,t,f}
(1 row)

SELECT 3 #> ARRAY[1,2,3,4];
 ?column?  
-----------
 {f,f,f,t}
(1 row)

SELECT 3 #>= ARRAY[1,2,3,4];
 ?column?  
-----------
 {f,f,t,t}
(1 row)

-- math
SELECT ARRAY[1,2,3,4,5] #+ 2;
  ?column?   
-------------
 {3,4,5,6,7}
(1 row)

SELECT ARRAY[1,2,3,4,5] #- 2;
   ?column?   
--------------
 {-1,0,1,2,3}
(1 row)

SELECT ARRAY[1,2,3,4,5] #* 2;
   ?column?   
--------------
 {2,4,6,8,10}
(1 row)

SELECT ARRAY[1,2,3,4,5] #/ 2;
  ?column?   
-------------
 {0,1,1,2,2}
(1 row)

SELECT 2 #+ ARRAY[1,2,3,4,5];
  ?column?   
-------------
 {3,4,5,6,7}
(1 row)

SELECT 2 #- ARRAY[1,2,3,4,5];
   ?column?   
--------------
 {-1,0,1,2,3}
(1 row)

SELECT 2 #* ARRAY[1,2,3,4,5];
   ?column?   
--------------
 {2,4,6,8,10}
(1 row)

SELECT 2 #/ ARRAY[1,2,3,4,5];
  ?column?   
-------------
 {0,1,1,2,2}
(1 row)

SELECT ARRAY[3.4,5.6,7.6] #* 8.1;
      ?column?       
---------------------
 {27.54,45.36,61.56}
(1 row)

SELECT ARRAY[1,2,3,4,5] #> ARRAY[1,2];
ERROR:  operator does not exist: integer[] #> integer[]
LINE 1: SELECT ARRAY[1,2,3,4,5] #> ARRAY[1,2];
                                ^
HINT:  No operator matches the given name and argument types. You might need to add explicit type casts.
-- -- update
-- select array_min(ARRAY[1,2,3]);
-- select array_min(ARRAY[5.1,2.2,3,10]);
-- select array_max(ARRAY[5,2,3,9]);
-- select array_max(ARRAY[5,2,3,9.1]);
